===== 双同步开始 Thu Sep  3 13:12:59 CST 2026 =====
--- 同步A：扫描本地归档 ---
[归档] 四端安装包_20260820 → 通道=内部版
===== 双同步开始 Thu Sep  3 13:14:00 CST 2026 =====
--- 同步A：扫描本地归档 ---
[归档] 四端安装包_20260901_v348 → 通道=内部版
[归档] 四端安装包_20260903_v349_pub → 通道=公开版
  ✓ 门禁 PASS
[归档] 四端安装包_20260903_v350_int → 通道=内部版
--- 同步B：无新发版，跳过 ---
--- 公开版分享链接 ---
===== 双同步结束 Thu Sep  3 13:15:09 CST 2026 （NEW=0）=====
===== 双同步开始 Thu Sep  3 13:16:15 CST 2026 =====
--- 同步A：扫描本地归档 ---
[归档] 四端安装包_20260901_v348 → 通道=内部版
[归档] 四端安装包_20260903_v349_pub → 通道=公开版
  ✓ 门禁 PASS
[归档] 四端安装包_20260903_v350_int → 通道=内部版
--- 同步B：无新发版，跳过 ---
--- 公开版分享链接 ---
===== 双同步结束 Thu Sep  3 13:17:10 CST 2026 （NEW=0）=====
===== 双同步开始 Thu Sep  3 13:17:45 CST 2026 =====
--- 同步A：扫描本地归档 ---
[归档] 四端安装包_20260901_v348 → 通道=内部版
[归档] 四端安装包_20260903_v349_pub → 通道=公开版
  ✓ 门禁 PASS
[归档] 四端安装包_20260903_v350_int → 通道=内部版
--- 同步B：无新发版，跳过 ---
--- 公开版分享链接 ---
===== 双同步结束 Thu Sep  3 13:21:35 CST 2026 （NEW=0）=====
===== 双同步开始 Thu Sep  3 13:21:35 CST 2026 =====
--- 同步A：扫描本地归档 ---
[归档] 四端安装包_20260901_v348 → 通道=内部版
[归档] 四端安装包_20260903_v349_pub → 通道=公开版
  ✓ 门禁 PASS
[归档] 四端安装包_20260903_v350_int → 通道=内部版
--- 同步B：无新发版，跳过 ---
--- 公开版分享链接 ---
===== 双同步结束 Thu Sep  3 13:30:26 CST 2026 （NEW=0）=====
===== 双同步开始 Fri Sep  4 09:09:32 CST 2026 =====
--- 同步A：扫描本地归档 ---
[归档] 四端安装包_20260901_v348 → 通道=内部版
[归档] 四端安装包_20260903_v349_pub → 通道=公开版
  ✓ 门禁 PASS
[归档] 四端安装包_20260903_v350_int → 通道=内部版
--- 同步B：无新发版，跳过 ---
--- 公开版分享链接 ---
===== 双同步结束 Fri Sep  4 09:10:54 CST 2026 （NEW=0）=====
===== 双同步开始 Sat Sep  5 09:11:15 CST 2026 =====
--- 同步A：扫描本地归档 ---
[归档] 四端安装包_20260901_v348 → 通道=内部版
[归档] 四端安装包_20260903_v349_pub → 通道=公开版
  ✓ 门禁 PASS
[归档] 四端安装包_20260903_v350_int → 通道=内部版
--- 同步B：无新发版，跳过 ---
--- 公开版分享链接 ---
===== 双同步结束 Sat Sep  5 09:12:37 CST 2026 （NEW=0）=====
