===== 开始分发到 智能app =====
UPLOAD: android/... -> 智能app/水利一张图/公开版/3.49/Android/水利工程一张图V3.49_20260903.apk
正在上传 d:/Users/Claw/APK归档/四端安装包_20260903_v349_pub/android/水利工程一张图V3.49_20260903.apk → 智能app/水利一张图/公开版/3.49/Android/水利工程一张图V3.49_20260903.apk ...
✓ 上传成功: d:/Users/Claw/APK归档/四端安装包_20260903_v349_pub/android/水利工程一张图V3.49_20260903.apk → 智能app/水利一张图/公开版/3.49/Android/水利工程一张图V3.49_20260903.apk

  在线查看文件:
    https://pan.baidu.com/disk/main#/index?category=all&path=%2Fapps%2Fbdpan%2F%E6%99%BA%E8%83%BDapp%2F%E6%B0%B4%E5%88%A9%E4%B8%80%E5%BC%A0%E5%9B%BE%2F%E5%85%AC%E5%BC%80%E7%89%88%2F3.49%2FAndroid

  (复制上方链接到浏览器打开，或使用 'bdpan ls 智能app/水利一张图/公开版/3.49/Android/水利工程一张图V3.49_20260903.apk' 查看)

📦 发现新版本 v3.8.7（当前: 3.8.6），运行 `bdpan update` 更新
UPLOAD: ios/... -> 智能app/水利一张图/公开版/3.49/iOS/水利工程一张图_iOS_3.49_20260903_可托管.zip
正在上传 d:/Users/Claw/APK归档/四端安装包_20260903_v349_pub/ios/水利工程一张图_iOS_3.49_20260903_可托管.zip → 智能app/水利一张图/公开版/3.49/iOS/水利工程一张图_iOS_3.49_20260903_可托管.zip ...
✓ 上传成功: d:/Users/Claw/APK归档/四端安装包_20260903_v349_pub/ios/水利工程一张图_iOS_3.49_20260903_可托管.zip → 智能app/水利一张图/公开版/3.49/iOS/水利工程一张图_iOS_3.49_20260903_可托管.zip

  在线查看文件:
    https://pan.baidu.com/disk/main#/index?category=all&path=%2Fapps%2Fbdpan%2F%E6%99%BA%E8%83%BDapp%2F%E6%B0%B4%E5%88%A9%E4%B8%80%E5%BC%A0%E5%9B%BE%2F%E5%85%AC%E5%BC%80%E7%89%88%2F3.49%2FiOS

  (复制上方链接到浏览器打开，或使用 'bdpan ls 智能app/水利一张图/公开版/3.49/iOS/水利工程一张图_iOS_3.49_20260903_可托管.zip' 查看)

📦 发现新版本 v3.8.7（当前: 3.8.6），运行 `bdpan update` 更新
UPLOAD: uos-shuili/... -> 智能app/水利一张图/公开版/3.49/UOS/shuili-map_3.49.20260903_amd64.deb
正在上传 d:/Users/Claw/APK归档/四端安装包_20260903_v349_pub/uos-shuili/shuili-map_3.49.20260903_amd64.deb → 智能app/水利一张图/公开版/3.49/UOS/shuili-map_3.49.20260903_amd64.deb ...
✓ 上传成功: d:/Users/Claw/APK归档/四端安装包_20260903_v349_pub/uos-shuili/shuili-map_3.49.20260903_amd64.deb → 智能app/水利一张图/公开版/3.49/UOS/shuili-map_3.49.20260903_amd64.deb

  在线查看文件:
    https://pan.baidu.com/disk/main#/index?category=all&path=%2Fapps%2Fbdpan%2F%E6%99%BA%E8%83%BDapp%2F%E6%B0%B4%E5%88%A9%E4%B8%80%E5%BC%A0%E5%9B%BE%2F%E5%85%AC%E5%BC%80%E7%89%88%2F3.49%2FUOS

  (复制上方链接到浏览器打开，或使用 'bdpan ls 智能app/水利一张图/公开版/3.49/UOS/shuili-map_3.49.20260903_amd64.deb' 查看)

📦 发现新版本 v3.8.7（当前: 3.8.6），运行 `bdpan update` 更新
UPLOAD: uos-shuili/... -> 智能app/水利一张图/公开版/3.49/UOS/shuili-map_3.49.20260903_arm64.deb
正在上传 d:/Users/Claw/APK归档/四端安装包_20260903_v349_pub/uos-shuili/shuili-map_3.49.20260903_arm64.deb → 智能app/水利一张图/公开版/3.49/UOS/shuili-map_3.49.20260903_arm64.deb ...
✓ 上传成功: d:/Users/Claw/APK归档/四端安装包_20260903_v349_pub/uos-shuili/shuili-map_3.49.20260903_arm64.deb → 智能app/水利一张图/公开版/3.49/UOS/shuili-map_3.49.20260903_arm64.deb

  在线查看文件:
    https://pan.baidu.com/disk/main#/index?category=all&path=%2Fapps%2Fbdpan%2F%E6%99%BA%E8%83%BDapp%2F%E6%B0%B4%E5%88%A9%E4%B8%80%E5%BC%A0%E5%9B%BE%2F%E5%85%AC%E5%BC%80%E7%89%88%2F3.49%2FUOS

  (复制上方链接到浏览器打开，或使用 'bdpan ls 智能app/水利一张图/公开版/3.49/UOS/shuili-map_3.49.20260903_arm64.deb' 查看)

📦 发现新版本 v3.8.7（当前: 3.8.6），运行 `bdpan update` 更新
UPLOAD: uos-shuili/... -> 智能app/水利一张图/公开版/3.49/UOS/shuili-map_3.49.20260903_loongarch64.deb
正在上传 d:/Users/Claw/APK归档/四端安装包_20260903_v349_pub/uos-shuili/shuili-map_3.49.20260903_loongarch64.deb → 智能app/水利一张图/公开版/3.49/UOS/shuili-map_3.49.20260903_loongarch64.deb ...
✓ 上传成功: d:/Users/Claw/APK归档/四端安装包_20260903_v349_pub/uos-shuili/shuili-map_3.49.20260903_loongarch64.deb → 智能app/水利一张图/公开版/3.49/UOS/shuili-map_3.49.20260903_loongarch64.deb

  在线查看文件:
    https://pan.baidu.com/disk/main#/index?category=all&path=%2Fapps%2Fbdpan%2F%E6%99%BA%E8%83%BDapp%2F%E6%B0%B4%E5%88%A9%E4%B8%80%E5%BC%A0%E5%9B%BE%2F%E5%85%AC%E5%BC%80%E7%89%88%2F3.49%2FUOS

  (复制上方链接到浏览器打开，或使用 'bdpan ls 智能app/水利一张图/公开版/3.49/UOS/shuili-map_3.49.20260903_loongarch64.deb' 查看)

📦 发现新版本 v3.8.7（当前: 3.8.6），运行 `bdpan update` 更新
UPLOAD: uos-shuili/... -> 智能app/水利一张图/公开版/3.49/UOS/shuili-map_3.49.20260903_mips64el.deb
正在上传 d:/Users/Claw/APK归档/四端安装包_20260903_v349_pub/uos-shuili/shuili-map_3.49.20260903_mips64el.deb → 智能app/水利一张图/公开版/3.49/UOS/shuili-map_3.49.20260903_mips64el.deb ...
✓ 上传成功: d:/Users/Claw/APK归档/四端安装包_20260903_v349_pub/uos-shuili/shuili-map_3.49.20260903_mips64el.deb → 智能app/水利一张图/公开版/3.49/UOS/shuili-map_3.49.20260903_mips64el.deb

  在线查看文件:
    https://pan.baidu.com/disk/main#/index?category=all&path=%2Fapps%2Fbdpan%2F%E6%99%BA%E8%83%BDapp%2F%E6%B0%B4%E5%88%A9%E4%B8%80%E5%BC%A0%E5%9B%BE%2F%E5%85%AC%E5%BC%80%E7%89%88%2F3.49%2FUOS

  (复制上方链接到浏览器打开，或使用 'bdpan ls 智能app/水利一张图/公开版/3.49/UOS/shuili-map_3.49.20260903_mips64el.deb' 查看)

📦 发现新版本 v3.8.7（当前: 3.8.6），运行 `bdpan update` 更新
UPLOAD: win/... -> 智能app/水利一张图/公开版/3.49/Windows/水利工程基础信息一张图_Setup.exe
正在上传 d:/Users/Claw/APK归档/四端安装包_20260903_v349_pub/win/水利工程基础信息一张图_Setup.exe → 智能app/水利一张图/公开版/3.49/Windows/水利工程基础信息一张图_Setup.exe ...
✓ 上传成功: d:/Users/Claw/APK归档/四端安装包_20260903_v349_pub/win/水利工程基础信息一张图_Setup.exe → 智能app/水利一张图/公开版/3.49/Windows/水利工程基础信息一张图_Setup.exe

  在线查看文件:
    https://pan.baidu.com/disk/main#/index?category=all&path=%2Fapps%2Fbdpan%2F%E6%99%BA%E8%83%BDapp%2F%E6%B0%B4%E5%88%A9%E4%B8%80%E5%BC%A0%E5%9B%BE%2F%E5%85%AC%E5%BC%80%E7%89%88%2F3.49%2FWindows

  (复制上方链接到浏览器打开，或使用 'bdpan ls 智能app/水利一张图/公开版/3.49/Windows/水利工程基础信息一张图_Setup.exe' 查看)

📦 发现新版本 v3.8.7（当前: 3.8.6），运行 `bdpan update` 更新
UPLOAD: win/... -> 智能app/水利一张图/公开版/3.49/Windows/水利工程基础信息一张图_Setup.msi
正在上传 d:/Users/Claw/APK归档/四端安装包_20260903_v349_pub/win/水利工程基础信息一张图_Setup.msi → 智能app/水利一张图/公开版/3.49/Windows/水利工程基础信息一张图_Setup.msi ...
✓ 上传成功: d:/Users/Claw/APK归档/四端安装包_20260903_v349_pub/win/水利工程基础信息一张图_Setup.msi → 智能app/水利一张图/公开版/3.49/Windows/水利工程基础信息一张图_Setup.msi

  在线查看文件:
    https://pan.baidu.com/disk/main#/index?category=all&path=%2Fapps%2Fbdpan%2F%E6%99%BA%E8%83%BDapp%2F%E6%B0%B4%E5%88%A9%E4%B8%80%E5%BC%A0%E5%9B%BE%2F%E5%85%AC%E5%BC%80%E7%89%88%2F3.49%2FWindows

  (复制上方链接到浏览器打开，或使用 'bdpan ls 智能app/水利一张图/公开版/3.49/Windows/水利工程基础信息一张图_Setup.msi' 查看)

📦 发现新版本 v3.8.7（当前: 3.8.6），运行 `bdpan update` 更新
UPLOAD: android/... -> 智能app/水利一张图/内部版/3.50/Android/水利工程一张图V3.50_20260903.apk
正在上传 d:/Users/Claw/APK归档/四端安装包_20260903_v350_int/android/水利工程一张图V3.50_20260903.apk → 智能app/水利一张图/内部版/3.50/Android/水利工程一张图V3.50_20260903.apk ...
✓ 上传成功: d:/Users/Claw/APK归档/四端安装包_20260903_v350_int/android/水利工程一张图V3.50_20260903.apk → 智能app/水利一张图/内部版/3.50/Android/水利工程一张图V3.50_20260903.apk

  在线查看文件:
    https://pan.baidu.com/disk/main#/index?category=all&path=%2Fapps%2Fbdpan%2F%E6%99%BA%E8%83%BDapp%2F%E6%B0%B4%E5%88%A9%E4%B8%80%E5%BC%A0%E5%9B%BE%2F%E5%86%85%E9%83%A8%E7%89%88%2F3.50%2FAndroid

  (复制上方链接到浏览器打开，或使用 'bdpan ls 智能app/水利一张图/内部版/3.50/Android/水利工程一张图V3.50_20260903.apk' 查看)

📦 发现新版本 v3.8.7（当前: 3.8.6），运行 `bdpan update` 更新
UPLOAD: ios/... -> 智能app/水利一张图/内部版/3.50/iOS/水利工程一张图_iOS_3.50_20260903_可托管.zip
正在上传 d:/Users/Claw/APK归档/四端安装包_20260903_v350_int/ios/水利工程一张图_iOS_3.50_20260903_可托管.zip → 智能app/水利一张图/内部版/3.50/iOS/水利工程一张图_iOS_3.50_20260903_可托管.zip ...
✓ 上传成功: d:/Users/Claw/APK归档/四端安装包_20260903_v350_int/ios/水利工程一张图_iOS_3.50_20260903_可托管.zip → 智能app/水利一张图/内部版/3.50/iOS/水利工程一张图_iOS_3.50_20260903_可托管.zip

  在线查看文件:
    https://pan.baidu.com/disk/main#/index?category=all&path=%2Fapps%2Fbdpan%2F%E6%99%BA%E8%83%BDapp%2F%E6%B0%B4%E5%88%A9%E4%B8%80%E5%BC%A0%E5%9B%BE%2F%E5%86%85%E9%83%A8%E7%89%88%2F3.50%2FiOS

  (复制上方链接到浏览器打开，或使用 'bdpan ls 智能app/水利一张图/内部版/3.50/iOS/水利工程一张图_iOS_3.50_20260903_可托管.zip' 查看)

📦 发现新版本 v3.8.7（当前: 3.8.6），运行 `bdpan update` 更新
UPLOAD: uos-shuili/... -> 智能app/水利一张图/内部版/3.50/UOS/shuili-map_3.50.20260903_amd64.deb
正在上传 d:/Users/Claw/APK归档/四端安装包_20260903_v350_int/uos-shuili/shuili-map_3.50.20260903_amd64.deb → 智能app/水利一张图/内部版/3.50/UOS/shuili-map_3.50.20260903_amd64.deb ...
✓ 上传成功: d:/Users/Claw/APK归档/四端安装包_20260903_v350_int/uos-shuili/shuili-map_3.50.20260903_amd64.deb → 智能app/水利一张图/内部版/3.50/UOS/shuili-map_3.50.20260903_amd64.deb

  在线查看文件:
    https://pan.baidu.com/disk/main#/index?category=all&path=%2Fapps%2Fbdpan%2F%E6%99%BA%E8%83%BDapp%2F%E6%B0%B4%E5%88%A9%E4%B8%80%E5%BC%A0%E5%9B%BE%2F%E5%86%85%E9%83%A8%E7%89%88%2F3.50%2FUOS

  (复制上方链接到浏览器打开，或使用 'bdpan ls 智能app/水利一张图/内部版/3.50/UOS/shuili-map_3.50.20260903_amd64.deb' 查看)

📦 发现新版本 v3.8.7（当前: 3.8.6），运行 `bdpan update` 更新
UPLOAD: uos-shuili/... -> 智能app/水利一张图/内部版/3.50/UOS/shuili-map_3.50.20260903_arm64.deb
正在上传 d:/Users/Claw/APK归档/四端安装包_20260903_v350_int/uos-shuili/shuili-map_3.50.20260903_arm64.deb → 智能app/水利一张图/内部版/3.50/UOS/shuili-map_3.50.20260903_arm64.deb ...
✓ 上传成功: d:/Users/Claw/APK归档/四端安装包_20260903_v350_int/uos-shuili/shuili-map_3.50.20260903_arm64.deb → 智能app/水利一张图/内部版/3.50/UOS/shuili-map_3.50.20260903_arm64.deb

  在线查看文件:
    https://pan.baidu.com/disk/main#/index?category=all&path=%2Fapps%2Fbdpan%2F%E6%99%BA%E8%83%BDapp%2F%E6%B0%B4%E5%88%A9%E4%B8%80%E5%BC%A0%E5%9B%BE%2F%E5%86%85%E9%83%A8%E7%89%88%2F3.50%2FUOS

  (复制上方链接到浏览器打开，或使用 'bdpan ls 智能app/水利一张图/内部版/3.50/UOS/shuili-map_3.50.20260903_arm64.deb' 查看)

📦 发现新版本 v3.8.7（当前: 3.8.6），运行 `bdpan update` 更新
UPLOAD: uos-shuili/... -> 智能app/水利一张图/内部版/3.50/UOS/shuili-map_3.50.20260903_loongarch64.deb
正在上传 d:/Users/Claw/APK归档/四端安装包_20260903_v350_int/uos-shuili/shuili-map_3.50.20260903_loongarch64.deb → 智能app/水利一张图/内部版/3.50/UOS/shuili-map_3.50.20260903_loongarch64.deb ...
✓ 上传成功: d:/Users/Claw/APK归档/四端安装包_20260903_v350_int/uos-shuili/shuili-map_3.50.20260903_loongarch64.deb → 智能app/水利一张图/内部版/3.50/UOS/shuili-map_3.50.20260903_loongarch64.deb

  在线查看文件:
    https://pan.baidu.com/disk/main#/index?category=all&path=%2Fapps%2Fbdpan%2F%E6%99%BA%E8%83%BDapp%2F%E6%B0%B4%E5%88%A9%E4%B8%80%E5%BC%A0%E5%9B%BE%2F%E5%86%85%E9%83%A8%E7%89%88%2F3.50%2FUOS

  (复制上方链接到浏览器打开，或使用 'bdpan ls 智能app/水利一张图/内部版/3.50/UOS/shuili-map_3.50.20260903_loongarch64.deb' 查看)

📦 发现新版本 v3.8.7（当前: 3.8.6），运行 `bdpan update` 更新
UPLOAD: uos-shuili/... -> 智能app/水利一张图/内部版/3.50/UOS/shuili-map_3.50.20260903_mips64el.deb
正在上传 d:/Users/Claw/APK归档/四端安装包_20260903_v350_int/uos-shuili/shuili-map_3.50.20260903_mips64el.deb → 智能app/水利一张图/内部版/3.50/UOS/shuili-map_3.50.20260903_mips64el.deb ...
✓ 上传成功: d:/Users/Claw/APK归档/四端安装包_20260903_v350_int/uos-shuili/shuili-map_3.50.20260903_mips64el.deb → 智能app/水利一张图/内部版/3.50/UOS/shuili-map_3.50.20260903_mips64el.deb

  在线查看文件:
    https://pan.baidu.com/disk/main#/index?category=all&path=%2Fapps%2Fbdpan%2F%E6%99%BA%E8%83%BDapp%2F%E6%B0%B4%E5%88%A9%E4%B8%80%E5%BC%A0%E5%9B%BE%2F%E5%86%85%E9%83%A8%E7%89%88%2F3.50%2FUOS

  (复制上方链接到浏览器打开，或使用 'bdpan ls 智能app/水利一张图/内部版/3.50/UOS/shuili-map_3.50.20260903_mips64el.deb' 查看)

📦 发现新版本 v3.8.7（当前: 3.8.6），运行 `bdpan update` 更新
UPLOAD: win/... -> 智能app/水利一张图/内部版/3.50/Windows/水利工程基础信息一张图_Setup.exe
正在上传 d:/Users/Claw/APK归档/四端安装包_20260903_v350_int/win/水利工程基础信息一张图_Setup.exe → 智能app/水利一张图/内部版/3.50/Windows/水利工程基础信息一张图_Setup.exe ...
✓ 上传成功: d:/Users/Claw/APK归档/四端安装包_20260903_v350_int/win/水利工程基础信息一张图_Setup.exe → 智能app/水利一张图/内部版/3.50/Windows/水利工程基础信息一张图_Setup.exe

  在线查看文件:
    https://pan.baidu.com/disk/main#/index?category=all&path=%2Fapps%2Fbdpan%2F%E6%99%BA%E8%83%BDapp%2F%E6%B0%B4%E5%88%A9%E4%B8%80%E5%BC%A0%E5%9B%BE%2F%E5%86%85%E9%83%A8%E7%89%88%2F3.50%2FWindows

  (复制上方链接到浏览器打开，或使用 'bdpan ls 智能app/水利一张图/内部版/3.50/Windows/水利工程基础信息一张图_Setup.exe' 查看)

📦 发现新版本 v3.8.7（当前: 3.8.6），运行 `bdpan update` 更新
UPLOAD: win/... -> 智能app/水利一张图/内部版/3.50/Windows/水利工程基础信息一张图_Setup.msi
正在上传 d:/Users/Claw/APK归档/四端安装包_20260903_v350_int/win/水利工程基础信息一张图_Setup.msi → 智能app/水利一张图/内部版/3.50/Windows/水利工程基础信息一张图_Setup.msi ...
✓ 上传成功: d:/Users/Claw/APK归档/四端安装包_20260903_v350_int/win/水利工程基础信息一张图_Setup.msi → 智能app/水利一张图/内部版/3.50/Windows/水利工程基础信息一张图_Setup.msi

  在线查看文件:
    https://pan.baidu.com/disk/main#/index?category=all&path=%2Fapps%2Fbdpan%2F%E6%99%BA%E8%83%BDapp%2F%E6%B0%B4%E5%88%A9%E4%B8%80%E5%BC%A0%E5%9B%BE%2F%E5%86%85%E9%83%A8%E7%89%88%2F3.50%2FWindows

  (复制上方链接到浏览器打开，或使用 'bdpan ls 智能app/水利一张图/内部版/3.50/Windows/水利工程基础信息一张图_Setup.msi' 查看)

📦 发现新版本 v3.8.7（当前: 3.8.6），运行 `bdpan update` 更新
SKIP(本地缺失): d:/Users/Claw/APK归档/四端安装包_20260901_v348/android/水利工程一张图V3.48_20260901_5090.apk
UPLOAD: ios/... -> 智能app/水利一张图/内部版/3.48/iOS/水利工程一张图_iOS_3.48_20260901_可托管.zip
正在上传 d:/Users/Claw/APK归档/四端安装包_20260901_v348/ios/水利工程一张图_iOS_3.48_20260901_可托管.zip → 智能app/水利一张图/内部版/3.48/iOS/水利工程一张图_iOS_3.48_20260901_可托管.zip ...
✓ 上传成功: d:/Users/Claw/APK归档/四端安装包_20260901_v348/ios/水利工程一张图_iOS_3.48_20260901_可托管.zip → 智能app/水利一张图/内部版/3.48/iOS/水利工程一张图_iOS_3.48_20260901_可托管.zip

  在线查看文件:
    https://pan.baidu.com/disk/main#/index?category=all&path=%2Fapps%2Fbdpan%2F%E6%99%BA%E8%83%BDapp%2F%E6%B0%B4%E5%88%A9%E4%B8%80%E5%BC%A0%E5%9B%BE%2F%E5%86%85%E9%83%A8%E7%89%88%2F3.48%2FiOS

  (复制上方链接到浏览器打开，或使用 'bdpan ls 智能app/水利一张图/内部版/3.48/iOS/水利工程一张图_iOS_3.48_20260901_可托管.zip' 查看)

📦 发现新版本 v3.8.7（当前: 3.8.6），运行 `bdpan update` 更新
UPLOAD: uos-shuili/... -> 智能app/水利一张图/内部版/3.48/UOS/shuili-map_3.48.20260901_amd64.deb
正在上传 d:/Users/Claw/APK归档/四端安装包_20260901_v348/uos-shuili/shuili-map_3.48.20260901_amd64.deb → 智能app/水利一张图/内部版/3.48/UOS/shuili-map_3.48.20260901_amd64.deb ...
✓ 上传成功: d:/Users/Claw/APK归档/四端安装包_20260901_v348/uos-shuili/shuili-map_3.48.20260901_amd64.deb → 智能app/水利一张图/内部版/3.48/UOS/shuili-map_3.48.20260901_amd64.deb

  在线查看文件:
    https://pan.baidu.com/disk/main#/index?category=all&path=%2Fapps%2Fbdpan%2F%E6%99%BA%E8%83%BDapp%2F%E6%B0%B4%E5%88%A9%E4%B8%80%E5%BC%A0%E5%9B%BE%2F%E5%86%85%E9%83%A8%E7%89%88%2F3.48%2FUOS

  (复制上方链接到浏览器打开，或使用 'bdpan ls 智能app/水利一张图/内部版/3.48/UOS/shuili-map_3.48.20260901_amd64.deb' 查看)

📦 发现新版本 v3.8.7（当前: 3.8.6），运行 `bdpan update` 更新
UPLOAD: uos-shuili/... -> 智能app/水利一张图/内部版/3.48/UOS/shuili-map_3.48.20260901_arm64.deb
正在上传 d:/Users/Claw/APK归档/四端安装包_20260901_v348/uos-shuili/shuili-map_3.48.20260901_arm64.deb → 智能app/水利一张图/内部版/3.48/UOS/shuili-map_3.48.20260901_arm64.deb ...
✓ 上传成功: d:/Users/Claw/APK归档/四端安装包_20260901_v348/uos-shuili/shuili-map_3.48.20260901_arm64.deb → 智能app/水利一张图/内部版/3.48/UOS/shuili-map_3.48.20260901_arm64.deb

  在线查看文件:
    https://pan.baidu.com/disk/main#/index?category=all&path=%2Fapps%2Fbdpan%2F%E6%99%BA%E8%83%BDapp%2F%E6%B0%B4%E5%88%A9%E4%B8%80%E5%BC%A0%E5%9B%BE%2F%E5%86%85%E9%83%A8%E7%89%88%2F3.48%2FUOS

  (复制上方链接到浏览器打开，或使用 'bdpan ls 智能app/水利一张图/内部版/3.48/UOS/shuili-map_3.48.20260901_arm64.deb' 查看)

📦 发现新版本 v3.8.7（当前: 3.8.6），运行 `bdpan update` 更新
UPLOAD: uos-shuili/... -> 智能app/水利一张图/内部版/3.48/UOS/shuili-map_3.48.20260901_loongarch64.deb
正在上传 d:/Users/Claw/APK归档/四端安装包_20260901_v348/uos-shuili/shuili-map_3.48.20260901_loongarch64.deb → 智能app/水利一张图/内部版/3.48/UOS/shuili-map_3.48.20260901_loongarch64.deb ...
✓ 上传成功: d:/Users/Claw/APK归档/四端安装包_20260901_v348/uos-shuili/shuili-map_3.48.20260901_loongarch64.deb → 智能app/水利一张图/内部版/3.48/UOS/shuili-map_3.48.20260901_loongarch64.deb

  在线查看文件:
    https://pan.baidu.com/disk/main#/index?category=all&path=%2Fapps%2Fbdpan%2F%E6%99%BA%E8%83%BDapp%2F%E6%B0%B4%E5%88%A9%E4%B8%80%E5%BC%A0%E5%9B%BE%2F%E5%86%85%E9%83%A8%E7%89%88%2F3.48%2FUOS

  (复制上方链接到浏览器打开，或使用 'bdpan ls 智能app/水利一张图/内部版/3.48/UOS/shuili-map_3.48.20260901_loongarch64.deb' 查看)

📦 发现新版本 v3.8.7（当前: 3.8.6），运行 `bdpan update` 更新
UPLOAD: uos-shuili/... -> 智能app/水利一张图/内部版/3.48/UOS/shuili-map_3.48.20260901_mips64el.deb
正在上传 d:/Users/Claw/APK归档/四端安装包_20260901_v348/uos-shuili/shuili-map_3.48.20260901_mips64el.deb → 智能app/水利一张图/内部版/3.48/UOS/shuili-map_3.48.20260901_mips64el.deb ...
✓ 上传成功: d:/Users/Claw/APK归档/四端安装包_20260901_v348/uos-shuili/shuili-map_3.48.20260901_mips64el.deb → 智能app/水利一张图/内部版/3.48/UOS/shuili-map_3.48.20260901_mips64el.deb

  在线查看文件:
    https://pan.baidu.com/disk/main#/index?category=all&path=%2Fapps%2Fbdpan%2F%E6%99%BA%E8%83%BDapp%2F%E6%B0%B4%E5%88%A9%E4%B8%80%E5%BC%A0%E5%9B%BE%2F%E5%86%85%E9%83%A8%E7%89%88%2F3.48%2FUOS

  (复制上方链接到浏览器打开，或使用 'bdpan ls 智能app/水利一张图/内部版/3.48/UOS/shuili-map_3.48.20260901_mips64el.deb' 查看)

📦 发现新版本 v3.8.7（当前: 3.8.6），运行 `bdpan update` 更新
UPLOAD: win/... -> 智能app/水利一张图/内部版/3.48/Windows/水利工程基础信息一张图_Setup.exe
正在上传 d:/Users/Claw/APK归档/四端安装包_20260901_v348/win/水利工程基础信息一张图_Setup.exe → 智能app/水利一张图/内部版/3.48/Windows/水利工程基础信息一张图_Setup.exe ...
✓ 上传成功: d:/Users/Claw/APK归档/四端安装包_20260901_v348/win/水利工程基础信息一张图_Setup.exe → 智能app/水利一张图/内部版/3.48/Windows/水利工程基础信息一张图_Setup.exe

  在线查看文件:
    https://pan.baidu.com/disk/main#/index?category=all&path=%2Fapps%2Fbdpan%2F%E6%99%BA%E8%83%BDapp%2F%E6%B0%B4%E5%88%A9%E4%B8%80%E5%BC%A0%E5%9B%BE%2F%E5%86%85%E9%83%A8%E7%89%88%2F3.48%2FWindows

  (复制上方链接到浏览器打开，或使用 'bdpan ls 智能app/水利一张图/内部版/3.48/Windows/水利工程基础信息一张图_Setup.exe' 查看)

📦 发现新版本 v3.8.7（当前: 3.8.6），运行 `bdpan update` 更新
UPLOAD: win/... -> 智能app/水利一张图/内部版/3.48/Windows/水利工程基础信息一张图_Setup.msi
正在上传 d:/Users/Claw/APK归档/四端安装包_20260901_v348/win/水利工程基础信息一张图_Setup.msi → 智能app/水利一张图/内部版/3.48/Windows/水利工程基础信息一张图_Setup.msi ...
✓ 上传成功: d:/Users/Claw/APK归档/四端安装包_20260901_v348/win/水利工程基础信息一张图_Setup.msi → 智能app/水利一张图/内部版/3.48/Windows/水利工程基础信息一张图_Setup.msi

  在线查看文件:
    https://pan.baidu.com/disk/main#/index?category=all&path=%2Fapps%2Fbdpan%2F%E6%99%BA%E8%83%BDapp%2F%E6%B0%B4%E5%88%A9%E4%B8%80%E5%BC%A0%E5%9B%BE%2F%E5%86%85%E9%83%A8%E7%89%88%2F3.48%2FWindows

  (复制上方链接到浏览器打开，或使用 'bdpan ls 智能app/水利一张图/内部版/3.48/Windows/水利工程基础信息一张图_Setup.msi' 查看)

📦 发现新版本 v3.8.7（当前: 3.8.6），运行 `bdpan update` 更新
UPLOAD: android/... -> 智能app/古建景点打卡/公开版/3.7/Android/古建景点打卡V3.7_20260902_5090.apk
正在上传 d:/Users/Claw/APK归档/四端安装包_20260903_v349_pub/android/古建景点打卡V3.7_20260902_5090.apk → 智能app/古建景点打卡/公开版/3.7/Android/古建景点打卡V3.7_20260902_5090.apk ...
✓ 上传成功: d:/Users/Claw/APK归档/四端安装包_20260903_v349_pub/android/古建景点打卡V3.7_20260902_5090.apk → 智能app/古建景点打卡/公开版/3.7/Android/古建景点打卡V3.7_20260902_5090.apk

  在线查看文件:
    https://pan.baidu.com/disk/main#/index?category=all&path=%2Fapps%2Fbdpan%2F%E6%99%BA%E8%83%BDapp%2F%E5%8F%A4%E5%BB%BA%E6%99%AF%E7%82%B9%E6%89%93%E5%8D%A1%2F%E5%85%AC%E5%BC%80%E7%89%88%2F3.7%2FAndroid

  (复制上方链接到浏览器打开，或使用 'bdpan ls 智能app/古建景点打卡/公开版/3.7/Android/古建景点打卡V3.7_20260902_5090.apk' 查看)

📦 发现新版本 v3.8.7（当前: 3.8.6），运行 `bdpan update` 更新
UPLOAD: ios/... -> 智能app/古建景点打卡/公开版/3.7/iOS/古建景点打卡_iOS_3.7_20260902_可托管.zip
正在上传 d:/Users/Claw/APK归档/四端安装包_20260903_v349_pub/ios/古建景点打卡_iOS_3.7_20260902_可托管.zip → 智能app/古建景点打卡/公开版/3.7/iOS/古建景点打卡_iOS_3.7_20260902_可托管.zip ...
✓ 上传成功: d:/Users/Claw/APK归档/四端安装包_20260903_v349_pub/ios/古建景点打卡_iOS_3.7_20260902_可托管.zip → 智能app/古建景点打卡/公开版/3.7/iOS/古建景点打卡_iOS_3.7_20260902_可托管.zip

  在线查看文件:
    https://pan.baidu.com/disk/main#/index?category=all&path=%2Fapps%2Fbdpan%2F%E6%99%BA%E8%83%BDapp%2F%E5%8F%A4%E5%BB%BA%E6%99%AF%E7%82%B9%E6%89%93%E5%8D%A1%2F%E5%85%AC%E5%BC%80%E7%89%88%2F3.7%2FiOS

  (复制上方链接到浏览器打开，或使用 'bdpan ls 智能app/古建景点打卡/公开版/3.7/iOS/古建景点打卡_iOS_3.7_20260902_可托管.zip' 查看)

📦 发现新版本 v3.8.7（当前: 3.8.6），运行 `bdpan update` 更新
UPLOAD: uos-gujian/... -> 智能app/古建景点打卡/公开版/3.7/UOS/gujian-map_3.7.20260902_amd64.deb
正在上传 d:/Users/Claw/APK归档/四端安装包_20260903_v349_pub/uos-gujian/gujian-map_3.7.20260902_amd64.deb → 智能app/古建景点打卡/公开版/3.7/UOS/gujian-map_3.7.20260902_amd64.deb ...
✓ 上传成功: d:/Users/Claw/APK归档/四端安装包_20260903_v349_pub/uos-gujian/gujian-map_3.7.20260902_amd64.deb → 智能app/古建景点打卡/公开版/3.7/UOS/gujian-map_3.7.20260902_amd64.deb

  在线查看文件:
    https://pan.baidu.com/disk/main#/index?category=all&path=%2Fapps%2Fbdpan%2F%E6%99%BA%E8%83%BDapp%2F%E5%8F%A4%E5%BB%BA%E6%99%AF%E7%82%B9%E6%89%93%E5%8D%A1%2F%E5%85%AC%E5%BC%80%E7%89%88%2F3.7%2FUOS

  (复制上方链接到浏览器打开，或使用 'bdpan ls 智能app/古建景点打卡/公开版/3.7/UOS/gujian-map_3.7.20260902_amd64.deb' 查看)

📦 发现新版本 v3.8.7（当前: 3.8.6），运行 `bdpan update` 更新
UPLOAD: uos-gujian/... -> 智能app/古建景点打卡/公开版/3.7/UOS/gujian-map_3.7.20260902_arm64.deb
正在上传 d:/Users/Claw/APK归档/四端安装包_20260903_v349_pub/uos-gujian/gujian-map_3.7.20260902_arm64.deb → 智能app/古建景点打卡/公开版/3.7/UOS/gujian-map_3.7.20260902_arm64.deb ...
✓ 上传成功: d:/Users/Claw/APK归档/四端安装包_20260903_v349_pub/uos-gujian/gujian-map_3.7.20260902_arm64.deb → 智能app/古建景点打卡/公开版/3.7/UOS/gujian-map_3.7.20260902_arm64.deb

  在线查看文件:
    https://pan.baidu.com/disk/main#/index?category=all&path=%2Fapps%2Fbdpan%2F%E6%99%BA%E8%83%BDapp%2F%E5%8F%A4%E5%BB%BA%E6%99%AF%E7%82%B9%E6%89%93%E5%8D%A1%2F%E5%85%AC%E5%BC%80%E7%89%88%2F3.7%2FUOS

  (复制上方链接到浏览器打开，或使用 'bdpan ls 智能app/古建景点打卡/公开版/3.7/UOS/gujian-map_3.7.20260902_arm64.deb' 查看)

📦 发现新版本 v3.8.7（当前: 3.8.6），运行 `bdpan update` 更新
UPLOAD: uos-gujian/... -> 智能app/古建景点打卡/公开版/3.7/UOS/gujian-map_3.7.20260902_loongarch64.deb
正在上传 d:/Users/Claw/APK归档/四端安装包_20260903_v349_pub/uos-gujian/gujian-map_3.7.20260902_loongarch64.deb → 智能app/古建景点打卡/公开版/3.7/UOS/gujian-map_3.7.20260902_loongarch64.deb ...
✓ 上传成功: d:/Users/Claw/APK归档/四端安装包_20260903_v349_pub/uos-gujian/gujian-map_3.7.20260902_loongarch64.deb → 智能app/古建景点打卡/公开版/3.7/UOS/gujian-map_3.7.20260902_loongarch64.deb

  在线查看文件:
    https://pan.baidu.com/disk/main#/index?category=all&path=%2Fapps%2Fbdpan%2F%E6%99%BA%E8%83%BDapp%2F%E5%8F%A4%E5%BB%BA%E6%99%AF%E7%82%B9%E6%89%93%E5%8D%A1%2F%E5%85%AC%E5%BC%80%E7%89%88%2F3.7%2FUOS

  (复制上方链接到浏览器打开，或使用 'bdpan ls 智能app/古建景点打卡/公开版/3.7/UOS/gujian-map_3.7.20260902_loongarch64.deb' 查看)

📦 发现新版本 v3.8.7（当前: 3.8.6），运行 `bdpan update` 更新
UPLOAD: uos-gujian/... -> 智能app/古建景点打卡/公开版/3.7/UOS/gujian-map_3.7.20260902_mips64el.deb
正在上传 d:/Users/Claw/APK归档/四端安装包_20260903_v349_pub/uos-gujian/gujian-map_3.7.20260902_mips64el.deb → 智能app/古建景点打卡/公开版/3.7/UOS/gujian-map_3.7.20260902_mips64el.deb ...
✓ 上传成功: d:/Users/Claw/APK归档/四端安装包_20260903_v349_pub/uos-gujian/gujian-map_3.7.20260902_mips64el.deb → 智能app/古建景点打卡/公开版/3.7/UOS/gujian-map_3.7.20260902_mips64el.deb

  在线查看文件:
    https://pan.baidu.com/disk/main#/index?category=all&path=%2Fapps%2Fbdpan%2F%E6%99%BA%E8%83%BDapp%2F%E5%8F%A4%E5%BB%BA%E6%99%AF%E7%82%B9%E6%89%93%E5%8D%A1%2F%E5%85%AC%E5%BC%80%E7%89%88%2F3.7%2FUOS

  (复制上方链接到浏览器打开，或使用 'bdpan ls 智能app/古建景点打卡/公开版/3.7/UOS/gujian-map_3.7.20260902_mips64el.deb' 查看)

📦 发现新版本 v3.8.7（当前: 3.8.6），运行 `bdpan update` 更新
UPLOAD: win/... -> 智能app/古建景点打卡/公开版/3.7/Windows/古建景点打卡_Setup.exe
正在上传 d:/Users/Claw/APK归档/四端安装包_20260903_v349_pub/win/古建景点打卡_Setup.exe → 智能app/古建景点打卡/公开版/3.7/Windows/古建景点打卡_Setup.exe ...
✓ 上传成功: d:/Users/Claw/APK归档/四端安装包_20260903_v349_pub/win/古建景点打卡_Setup.exe → 智能app/古建景点打卡/公开版/3.7/Windows/古建景点打卡_Setup.exe

  在线查看文件:
    https://pan.baidu.com/disk/main#/index?category=all&path=%2Fapps%2Fbdpan%2F%E6%99%BA%E8%83%BDapp%2F%E5%8F%A4%E5%BB%BA%E6%99%AF%E7%82%B9%E6%89%93%E5%8D%A1%2F%E5%85%AC%E5%BC%80%E7%89%88%2F3.7%2FWindows

  (复制上方链接到浏览器打开，或使用 'bdpan ls 智能app/古建景点打卡/公开版/3.7/Windows/古建景点打卡_Setup.exe' 查看)

📦 发现新版本 v3.8.7（当前: 3.8.6），运行 `bdpan update` 更新
UPLOAD: win/... -> 智能app/古建景点打卡/公开版/3.7/Windows/古建景点打卡_Setup.msi
正在上传 d:/Users/Claw/APK归档/四端安装包_20260903_v349_pub/win/古建景点打卡_Setup.msi → 智能app/古建景点打卡/公开版/3.7/Windows/古建景点打卡_Setup.msi ...
✓ 上传成功: d:/Users/Claw/APK归档/四端安装包_20260903_v349_pub/win/古建景点打卡_Setup.msi → 智能app/古建景点打卡/公开版/3.7/Windows/古建景点打卡_Setup.msi

  在线查看文件:
    https://pan.baidu.com/disk/main#/index?category=all&path=%2Fapps%2Fbdpan%2F%E6%99%BA%E8%83%BDapp%2F%E5%8F%A4%E5%BB%BA%E6%99%AF%E7%82%B9%E6%89%93%E5%8D%A1%2F%E5%85%AC%E5%BC%80%E7%89%88%2F3.7%2FWindows

  (复制上方链接到浏览器打开，或使用 'bdpan ls 智能app/古建景点打卡/公开版/3.7/Windows/古建景点打卡_Setup.msi' 查看)

📦 发现新版本 v3.8.7（当前: 3.8.6），运行 `bdpan update` 更新
UPLOAD: android/... -> 智能app/古建景点打卡/内部版/3.7/Android/古建景点打卡V3.7_20260902_5090.apk
正在上传 d:/Users/Claw/APK归档/四端安装包_20260903_v350_int/android/古建景点打卡V3.7_20260902_5090.apk → 智能app/古建景点打卡/内部版/3.7/Android/古建景点打卡V3.7_20260902_5090.apk ...
✓ 上传成功: d:/Users/Claw/APK归档/四端安装包_20260903_v350_int/android/古建景点打卡V3.7_20260902_5090.apk → 智能app/古建景点打卡/内部版/3.7/Android/古建景点打卡V3.7_20260902_5090.apk

  在线查看文件:
    https://pan.baidu.com/disk/main#/index?category=all&path=%2Fapps%2Fbdpan%2F%E6%99%BA%E8%83%BDapp%2F%E5%8F%A4%E5%BB%BA%E6%99%AF%E7%82%B9%E6%89%93%E5%8D%A1%2F%E5%86%85%E9%83%A8%E7%89%88%2F3.7%2FAndroid

  (复制上方链接到浏览器打开，或使用 'bdpan ls 智能app/古建景点打卡/内部版/3.7/Android/古建景点打卡V3.7_20260902_5090.apk' 查看)

📦 发现新版本 v3.8.7（当前: 3.8.6），运行 `bdpan update` 更新
UPLOAD: ios/... -> 智能app/古建景点打卡/内部版/3.7/iOS/古建景点打卡_iOS_3.7_20260902_可托管.zip
正在上传 d:/Users/Claw/APK归档/四端安装包_20260903_v350_int/ios/古建景点打卡_iOS_3.7_20260902_可托管.zip → 智能app/古建景点打卡/内部版/3.7/iOS/古建景点打卡_iOS_3.7_20260902_可托管.zip ...
✓ 上传成功: d:/Users/Claw/APK归档/四端安装包_20260903_v350_int/ios/古建景点打卡_iOS_3.7_20260902_可托管.zip → 智能app/古建景点打卡/内部版/3.7/iOS/古建景点打卡_iOS_3.7_20260902_可托管.zip

  在线查看文件:
    https://pan.baidu.com/disk/main#/index?category=all&path=%2Fapps%2Fbdpan%2F%E6%99%BA%E8%83%BDapp%2F%E5%8F%A4%E5%BB%BA%E6%99%AF%E7%82%B9%E6%89%93%E5%8D%A1%2F%E5%86%85%E9%83%A8%E7%89%88%2F3.7%2FiOS

  (复制上方链接到浏览器打开，或使用 'bdpan ls 智能app/古建景点打卡/内部版/3.7/iOS/古建景点打卡_iOS_3.7_20260902_可托管.zip' 查看)

📦 发现新版本 v3.8.7（当前: 3.8.6），运行 `bdpan update` 更新
UPLOAD: uos-gujian/... -> 智能app/古建景点打卡/内部版/3.7/UOS/gujian-map_3.7.20260902_amd64.deb
正在上传 d:/Users/Claw/APK归档/四端安装包_20260903_v350_int/uos-gujian/gujian-map_3.7.20260902_amd64.deb → 智能app/古建景点打卡/内部版/3.7/UOS/gujian-map_3.7.20260902_amd64.deb ...
✓ 上传成功: d:/Users/Claw/APK归档/四端安装包_20260903_v350_int/uos-gujian/gujian-map_3.7.20260902_amd64.deb → 智能app/古建景点打卡/内部版/3.7/UOS/gujian-map_3.7.20260902_amd64.deb

  在线查看文件:
    https://pan.baidu.com/disk/main#/index?category=all&path=%2Fapps%2Fbdpan%2F%E6%99%BA%E8%83%BDapp%2F%E5%8F%A4%E5%BB%BA%E6%99%AF%E7%82%B9%E6%89%93%E5%8D%A1%2F%E5%86%85%E9%83%A8%E7%89%88%2F3.7%2FUOS

  (复制上方链接到浏览器打开，或使用 'bdpan ls 智能app/古建景点打卡/内部版/3.7/UOS/gujian-map_3.7.20260902_amd64.deb' 查看)

📦 发现新版本 v3.8.7（当前: 3.8.6），运行 `bdpan update` 更新
UPLOAD: uos-gujian/... -> 智能app/古建景点打卡/内部版/3.7/UOS/gujian-map_3.7.20260902_arm64.deb
正在上传 d:/Users/Claw/APK归档/四端安装包_20260903_v350_int/uos-gujian/gujian-map_3.7.20260902_arm64.deb → 智能app/古建景点打卡/内部版/3.7/UOS/gujian-map_3.7.20260902_arm64.deb ...
✓ 上传成功: d:/Users/Claw/APK归档/四端安装包_20260903_v350_int/uos-gujian/gujian-map_3.7.20260902_arm64.deb → 智能app/古建景点打卡/内部版/3.7/UOS/gujian-map_3.7.20260902_arm64.deb

  在线查看文件:
    https://pan.baidu.com/disk/main#/index?category=all&path=%2Fapps%2Fbdpan%2F%E6%99%BA%E8%83%BDapp%2F%E5%8F%A4%E5%BB%BA%E6%99%AF%E7%82%B9%E6%89%93%E5%8D%A1%2F%E5%86%85%E9%83%A8%E7%89%88%2F3.7%2FUOS

  (复制上方链接到浏览器打开，或使用 'bdpan ls 智能app/古建景点打卡/内部版/3.7/UOS/gujian-map_3.7.20260902_arm64.deb' 查看)

📦 发现新版本 v3.8.7（当前: 3.8.6），运行 `bdpan update` 更新
UPLOAD: uos-gujian/... -> 智能app/古建景点打卡/内部版/3.7/UOS/gujian-map_3.7.20260902_loongarch64.deb
正在上传 d:/Users/Claw/APK归档/四端安装包_20260903_v350_int/uos-gujian/gujian-map_3.7.20260902_loongarch64.deb → 智能app/古建景点打卡/内部版/3.7/UOS/gujian-map_3.7.20260902_loongarch64.deb ...
✓ 上传成功: d:/Users/Claw/APK归档/四端安装包_20260903_v350_int/uos-gujian/gujian-map_3.7.20260902_loongarch64.deb → 智能app/古建景点打卡/内部版/3.7/UOS/gujian-map_3.7.20260902_loongarch64.deb

  在线查看文件:
    https://pan.baidu.com/disk/main#/index?category=all&path=%2Fapps%2Fbdpan%2F%E6%99%BA%E8%83%BDapp%2F%E5%8F%A4%E5%BB%BA%E6%99%AF%E7%82%B9%E6%89%93%E5%8D%A1%2F%E5%86%85%E9%83%A8%E7%89%88%2F3.7%2FUOS

  (复制上方链接到浏览器打开，或使用 'bdpan ls 智能app/古建景点打卡/内部版/3.7/UOS/gujian-map_3.7.20260902_loongarch64.deb' 查看)

📦 发现新版本 v3.8.7（当前: 3.8.6），运行 `bdpan update` 更新
UPLOAD: uos-gujian/... -> 智能app/古建景点打卡/内部版/3.7/UOS/gujian-map_3.7.20260902_mips64el.deb
正在上传 d:/Users/Claw/APK归档/四端安装包_20260903_v350_int/uos-gujian/gujian-map_3.7.20260902_mips64el.deb → 智能app/古建景点打卡/内部版/3.7/UOS/gujian-map_3.7.20260902_mips64el.deb ...
✓ 上传成功: d:/Users/Claw/APK归档/四端安装包_20260903_v350_int/uos-gujian/gujian-map_3.7.20260902_mips64el.deb → 智能app/古建景点打卡/内部版/3.7/UOS/gujian-map_3.7.20260902_mips64el.deb

  在线查看文件:
    https://pan.baidu.com/disk/main#/index?category=all&path=%2Fapps%2Fbdpan%2F%E6%99%BA%E8%83%BDapp%2F%E5%8F%A4%E5%BB%BA%E6%99%AF%E7%82%B9%E6%89%93%E5%8D%A1%2F%E5%86%85%E9%83%A8%E7%89%88%2F3.7%2FUOS

  (复制上方链接到浏览器打开，或使用 'bdpan ls 智能app/古建景点打卡/内部版/3.7/UOS/gujian-map_3.7.20260902_mips64el.deb' 查看)

📦 发现新版本 v3.8.7（当前: 3.8.6），运行 `bdpan update` 更新
UPLOAD: win/... -> 智能app/古建景点打卡/内部版/3.7/Windows/古建景点打卡_Setup.exe
正在上传 d:/Users/Claw/APK归档/四端安装包_20260903_v350_int/win/古建景点打卡_Setup.exe → 智能app/古建景点打卡/内部版/3.7/Windows/古建景点打卡_Setup.exe ...
✓ 上传成功: d:/Users/Claw/APK归档/四端安装包_20260903_v350_int/win/古建景点打卡_Setup.exe → 智能app/古建景点打卡/内部版/3.7/Windows/古建景点打卡_Setup.exe

  在线查看文件:
    https://pan.baidu.com/disk/main#/index?category=all&path=%2Fapps%2Fbdpan%2F%E6%99%BA%E8%83%BDapp%2F%E5%8F%A4%E5%BB%BA%E6%99%AF%E7%82%B9%E6%89%93%E5%8D%A1%2F%E5%86%85%E9%83%A8%E7%89%88%2F3.7%2FWindows

  (复制上方链接到浏览器打开，或使用 'bdpan ls 智能app/古建景点打卡/内部版/3.7/Windows/古建景点打卡_Setup.exe' 查看)

📦 发现新版本 v3.8.7（当前: 3.8.6），运行 `bdpan update` 更新
UPLOAD: win/... -> 智能app/古建景点打卡/内部版/3.7/Windows/古建景点打卡_Setup.msi
正在上传 d:/Users/Claw/APK归档/四端安装包_20260903_v350_int/win/古建景点打卡_Setup.msi → 智能app/古建景点打卡/内部版/3.7/Windows/古建景点打卡_Setup.msi ...
✓ 上传成功: d:/Users/Claw/APK归档/四端安装包_20260903_v350_int/win/古建景点打卡_Setup.msi → 智能app/古建景点打卡/内部版/3.7/Windows/古建景点打卡_Setup.msi

  在线查看文件:
    https://pan.baidu.com/disk/main#/index?category=all&path=%2Fapps%2Fbdpan%2F%E6%99%BA%E8%83%BDapp%2F%E5%8F%A4%E5%BB%BA%E6%99%AF%E7%82%B9%E6%89%93%E5%8D%A1%2F%E5%86%85%E9%83%A8%E7%89%88%2F3.7%2FWindows

  (复制上方链接到浏览器打开，或使用 'bdpan ls 智能app/古建景点打卡/内部版/3.7/Windows/古建景点打卡_Setup.msi' 查看)

📦 发现新版本 v3.8.7（当前: 3.8.6），运行 `bdpan update` 更新
SKIP(本地缺失): d:/Users/Claw/APK归档/四端安装包_20260901_v348/android/古建景点打卡V3.6_20260901_5090.apk
UPLOAD: ios/... -> 智能app/古建景点打卡/内部版/3.6/iOS/古建景点打卡_iOS_3.6_20260901_可托管.zip
正在上传 d:/Users/Claw/APK归档/四端安装包_20260901_v348/ios/古建景点打卡_iOS_3.6_20260901_可托管.zip → 智能app/古建景点打卡/内部版/3.6/iOS/古建景点打卡_iOS_3.6_20260901_可托管.zip ...
✓ 上传成功: d:/Users/Claw/APK归档/四端安装包_20260901_v348/ios/古建景点打卡_iOS_3.6_20260901_可托管.zip → 智能app/古建景点打卡/内部版/3.6/iOS/古建景点打卡_iOS_3.6_20260901_可托管.zip

  在线查看文件:
    https://pan.baidu.com/disk/main#/index?category=all&path=%2Fapps%2Fbdpan%2F%E6%99%BA%E8%83%BDapp%2F%E5%8F%A4%E5%BB%BA%E6%99%AF%E7%82%B9%E6%89%93%E5%8D%A1%2F%E5%86%85%E9%83%A8%E7%89%88%2F3.6%2FiOS

  (复制上方链接到浏览器打开，或使用 'bdpan ls 智能app/古建景点打卡/内部版/3.6/iOS/古建景点打卡_iOS_3.6_20260901_可托管.zip' 查看)

📦 发现新版本 v3.8.7（当前: 3.8.6），运行 `bdpan update` 更新
UPLOAD: uos-gujian/... -> 智能app/古建景点打卡/内部版/3.6/UOS/gujian-map_3.6.20260901_amd64.deb
正在上传 d:/Users/Claw/APK归档/四端安装包_20260901_v348/uos-gujian/gujian-map_3.6.20260901_amd64.deb → 智能app/古建景点打卡/内部版/3.6/UOS/gujian-map_3.6.20260901_amd64.deb ...
✓ 上传成功: d:/Users/Claw/APK归档/四端安装包_20260901_v348/uos-gujian/gujian-map_3.6.20260901_amd64.deb → 智能app/古建景点打卡/内部版/3.6/UOS/gujian-map_3.6.20260901_amd64.deb

  在线查看文件:
    https://pan.baidu.com/disk/main#/index?category=all&path=%2Fapps%2Fbdpan%2F%E6%99%BA%E8%83%BDapp%2F%E5%8F%A4%E5%BB%BA%E6%99%AF%E7%82%B9%E6%89%93%E5%8D%A1%2F%E5%86%85%E9%83%A8%E7%89%88%2F3.6%2FUOS

  (复制上方链接到浏览器打开，或使用 'bdpan ls 智能app/古建景点打卡/内部版/3.6/UOS/gujian-map_3.6.20260901_amd64.deb' 查看)

📦 发现新版本 v3.8.7（当前: 3.8.6），运行 `bdpan update` 更新
UPLOAD: uos-gujian/... -> 智能app/古建景点打卡/内部版/3.6/UOS/gujian-map_3.6.20260901_arm64.deb
正在上传 d:/Users/Claw/APK归档/四端安装包_20260901_v348/uos-gujian/gujian-map_3.6.20260901_arm64.deb → 智能app/古建景点打卡/内部版/3.6/UOS/gujian-map_3.6.20260901_arm64.deb ...
✓ 上传成功: d:/Users/Claw/APK归档/四端安装包_20260901_v348/uos-gujian/gujian-map_3.6.20260901_arm64.deb → 智能app/古建景点打卡/内部版/3.6/UOS/gujian-map_3.6.20260901_arm64.deb

  在线查看文件:
    https://pan.baidu.com/disk/main#/index?category=all&path=%2Fapps%2Fbdpan%2F%E6%99%BA%E8%83%BDapp%2F%E5%8F%A4%E5%BB%BA%E6%99%AF%E7%82%B9%E6%89%93%E5%8D%A1%2F%E5%86%85%E9%83%A8%E7%89%88%2F3.6%2FUOS

  (复制上方链接到浏览器打开，或使用 'bdpan ls 智能app/古建景点打卡/内部版/3.6/UOS/gujian-map_3.6.20260901_arm64.deb' 查看)

📦 发现新版本 v3.8.7（当前: 3.8.6），运行 `bdpan update` 更新
UPLOAD: uos-gujian/... -> 智能app/古建景点打卡/内部版/3.6/UOS/gujian-map_3.6.20260901_loongarch64.deb
正在上传 d:/Users/Claw/APK归档/四端安装包_20260901_v348/uos-gujian/gujian-map_3.6.20260901_loongarch64.deb → 智能app/古建景点打卡/内部版/3.6/UOS/gujian-map_3.6.20260901_loongarch64.deb ...
✓ 上传成功: d:/Users/Claw/APK归档/四端安装包_20260901_v348/uos-gujian/gujian-map_3.6.20260901_loongarch64.deb → 智能app/古建景点打卡/内部版/3.6/UOS/gujian-map_3.6.20260901_loongarch64.deb

  在线查看文件:
    https://pan.baidu.com/disk/main#/index?category=all&path=%2Fapps%2Fbdpan%2F%E6%99%BA%E8%83%BDapp%2F%E5%8F%A4%E5%BB%BA%E6%99%AF%E7%82%B9%E6%89%93%E5%8D%A1%2F%E5%86%85%E9%83%A8%E7%89%88%2F3.6%2FUOS

  (复制上方链接到浏览器打开，或使用 'bdpan ls 智能app/古建景点打卡/内部版/3.6/UOS/gujian-map_3.6.20260901_loongarch64.deb' 查看)

📦 发现新版本 v3.8.7（当前: 3.8.6），运行 `bdpan update` 更新
UPLOAD: uos-gujian/... -> 智能app/古建景点打卡/内部版/3.6/UOS/gujian-map_3.6.20260901_mips64el.deb
正在上传 d:/Users/Claw/APK归档/四端安装包_20260901_v348/uos-gujian/gujian-map_3.6.20260901_mips64el.deb → 智能app/古建景点打卡/内部版/3.6/UOS/gujian-map_3.6.20260901_mips64el.deb ...
✓ 上传成功: d:/Users/Claw/APK归档/四端安装包_20260901_v348/uos-gujian/gujian-map_3.6.20260901_mips64el.deb → 智能app/古建景点打卡/内部版/3.6/UOS/gujian-map_3.6.20260901_mips64el.deb

  在线查看文件:
    https://pan.baidu.com/disk/main#/index?category=all&path=%2Fapps%2Fbdpan%2F%E6%99%BA%E8%83%BDapp%2F%E5%8F%A4%E5%BB%BA%E6%99%AF%E7%82%B9%E6%89%93%E5%8D%A1%2F%E5%86%85%E9%83%A8%E7%89%88%2F3.6%2FUOS

  (复制上方链接到浏览器打开，或使用 'bdpan ls 智能app/古建景点打卡/内部版/3.6/UOS/gujian-map_3.6.20260901_mips64el.deb' 查看)

📦 发现新版本 v3.8.7（当前: 3.8.6），运行 `bdpan update` 更新
UPLOAD: win/... -> 智能app/古建景点打卡/内部版/3.6/Windows/古建景点打卡_Setup.exe
正在上传 d:/Users/Claw/APK归档/四端安装包_20260901_v348/win/古建景点打卡_Setup.exe → 智能app/古建景点打卡/内部版/3.6/Windows/古建景点打卡_Setup.exe ...
✓ 上传成功: d:/Users/Claw/APK归档/四端安装包_20260901_v348/win/古建景点打卡_Setup.exe → 智能app/古建景点打卡/内部版/3.6/Windows/古建景点打卡_Setup.exe

  在线查看文件:
    https://pan.baidu.com/disk/main#/index?category=all&path=%2Fapps%2Fbdpan%2F%E6%99%BA%E8%83%BDapp%2F%E5%8F%A4%E5%BB%BA%E6%99%AF%E7%82%B9%E6%89%93%E5%8D%A1%2F%E5%86%85%E9%83%A8%E7%89%88%2F3.6%2FWindows

  (复制上方链接到浏览器打开，或使用 'bdpan ls 智能app/古建景点打卡/内部版/3.6/Windows/古建景点打卡_Setup.exe' 查看)

📦 发现新版本 v3.8.7（当前: 3.8.6），运行 `bdpan update` 更新
UPLOAD: win/... -> 智能app/古建景点打卡/内部版/3.6/Windows/古建景点打卡_Setup.msi
正在上传 d:/Users/Claw/APK归档/四端安装包_20260901_v348/win/古建景点打卡_Setup.msi → 智能app/古建景点打卡/内部版/3.6/Windows/古建景点打卡_Setup.msi ...
✓ 上传成功: d:/Users/Claw/APK归档/四端安装包_20260901_v348/win/古建景点打卡_Setup.msi → 智能app/古建景点打卡/内部版/3.6/Windows/古建景点打卡_Setup.msi

  在线查看文件:
    https://pan.baidu.com/disk/main#/index?category=all&path=%2Fapps%2Fbdpan%2F%E6%99%BA%E8%83%BDapp%2F%E5%8F%A4%E5%BB%BA%E6%99%AF%E7%82%B9%E6%89%93%E5%8D%A1%2F%E5%86%85%E9%83%A8%E7%89%88%2F3.6%2FWindows

  (复制上方链接到浏览器打开，或使用 'bdpan ls 智能app/古建景点打卡/内部版/3.6/Windows/古建景点打卡_Setup.msi' 查看)

📦 发现新版本 v3.8.7（当前: 3.8.6），运行 `bdpan update` 更新
UPLOAD: android/... -> 智能app/水利感知项目一张图/公开版/1.25/Android/水利感知项目一张图V1.25_20260903.apk
正在上传 d:/Users/Claw/APK归档/四端安装包_20260903_v349_pub/android/水利感知项目一张图V1.25_20260903.apk → 智能app/水利感知项目一张图/公开版/1.25/Android/水利感知项目一张图V1.25_20260903.apk ...
✓ 上传成功: d:/Users/Claw/APK归档/四端安装包_20260903_v349_pub/android/水利感知项目一张图V1.25_20260903.apk → 智能app/水利感知项目一张图/公开版/1.25/Android/水利感知项目一张图V1.25_20260903.apk

  在线查看文件:
    https://pan.baidu.com/disk/main#/index?category=all&path=%2Fapps%2Fbdpan%2F%E6%99%BA%E8%83%BDapp%2F%E6%B0%B4%E5%88%A9%E6%84%9F%E7%9F%A5%E9%A1%B9%E7%9B%AE%E4%B8%80%E5%BC%A0%E5%9B%BE%2F%E5%85%AC%E5%BC%80%E7%89%88%2F1.25%2FAndroid

  (复制上方链接到浏览器打开，或使用 'bdpan ls 智能app/水利感知项目一张图/公开版/1.25/Android/水利感知项目一张图V1.25_20260903.apk' 查看)

📦 发现新版本 v3.8.7（当前: 3.8.6），运行 `bdpan update` 更新
UPLOAD: ios/... -> 智能app/水利感知项目一张图/公开版/1.25/iOS/水利感知项目一张图_iOS_1.25_20260903_可托管.zip
正在上传 d:/Users/Claw/APK归档/四端安装包_20260903_v349_pub/ios/水利感知项目一张图_iOS_1.25_20260903_可托管.zip → 智能app/水利感知项目一张图/公开版/1.25/iOS/水利感知项目一张图_iOS_1.25_20260903_可托管.zip ...
✓ 上传成功: d:/Users/Claw/APK归档/四端安装包_20260903_v349_pub/ios/水利感知项目一张图_iOS_1.25_20260903_可托管.zip → 智能app/水利感知项目一张图/公开版/1.25/iOS/水利感知项目一张图_iOS_1.25_20260903_可托管.zip

  在线查看文件:
    https://pan.baidu.com/disk/main#/index?category=all&path=%2Fapps%2Fbdpan%2F%E6%99%BA%E8%83%BDapp%2F%E6%B0%B4%E5%88%A9%E6%84%9F%E7%9F%A5%E9%A1%B9%E7%9B%AE%E4%B8%80%E5%BC%A0%E5%9B%BE%2F%E5%85%AC%E5%BC%80%E7%89%88%2F1.25%2FiOS

  (复制上方链接到浏览器打开，或使用 'bdpan ls 智能app/水利感知项目一张图/公开版/1.25/iOS/水利感知项目一张图_iOS_1.25_20260903_可托管.zip' 查看)

📦 发现新版本 v3.8.7（当前: 3.8.6），运行 `bdpan update` 更新
UPLOAD: uos-perc/... -> 智能app/水利感知项目一张图/公开版/1.25/UOS/shuili-ganzhi_1.25.20260903_amd64.deb
正在上传 d:/Users/Claw/APK归档/四端安装包_20260903_v349_pub/uos-perc/shuili-ganzhi_1.25.20260903_amd64.deb → 智能app/水利感知项目一张图/公开版/1.25/UOS/shuili-ganzhi_1.25.20260903_amd64.deb ...
✓ 上传成功: d:/Users/Claw/APK归档/四端安装包_20260903_v349_pub/uos-perc/shuili-ganzhi_1.25.20260903_amd64.deb → 智能app/水利感知项目一张图/公开版/1.25/UOS/shuili-ganzhi_1.25.20260903_amd64.deb

  在线查看文件:
    https://pan.baidu.com/disk/main#/index?category=all&path=%2Fapps%2Fbdpan%2F%E6%99%BA%E8%83%BDapp%2F%E6%B0%B4%E5%88%A9%E6%84%9F%E7%9F%A5%E9%A1%B9%E7%9B%AE%E4%B8%80%E5%BC%A0%E5%9B%BE%2F%E5%85%AC%E5%BC%80%E7%89%88%2F1.25%2FUOS

  (复制上方链接到浏览器打开，或使用 'bdpan ls 智能app/水利感知项目一张图/公开版/1.25/UOS/shuili-ganzhi_1.25.20260903_amd64.deb' 查看)

📦 发现新版本 v3.8.7（当前: 3.8.6），运行 `bdpan update` 更新
UPLOAD: uos-perc/... -> 智能app/水利感知项目一张图/公开版/1.25/UOS/shuili-ganzhi_1.25.20260903_arm64.deb
正在上传 d:/Users/Claw/APK归档/四端安装包_20260903_v349_pub/uos-perc/shuili-ganzhi_1.25.20260903_arm64.deb → 智能app/水利感知项目一张图/公开版/1.25/UOS/shuili-ganzhi_1.25.20260903_arm64.deb ...
✓ 上传成功: d:/Users/Claw/APK归档/四端安装包_20260903_v349_pub/uos-perc/shuili-ganzhi_1.25.20260903_arm64.deb → 智能app/水利感知项目一张图/公开版/1.25/UOS/shuili-ganzhi_1.25.20260903_arm64.deb

  在线查看文件:
    https://pan.baidu.com/disk/main#/index?category=all&path=%2Fapps%2Fbdpan%2F%E6%99%BA%E8%83%BDapp%2F%E6%B0%B4%E5%88%A9%E6%84%9F%E7%9F%A5%E9%A1%B9%E7%9B%AE%E4%B8%80%E5%BC%A0%E5%9B%BE%2F%E5%85%AC%E5%BC%80%E7%89%88%2F1.25%2FUOS

  (复制上方链接到浏览器打开，或使用 'bdpan ls 智能app/水利感知项目一张图/公开版/1.25/UOS/shuili-ganzhi_1.25.20260903_arm64.deb' 查看)

📦 发现新版本 v3.8.7（当前: 3.8.6），运行 `bdpan update` 更新
UPLOAD: uos-perc/... -> 智能app/水利感知项目一张图/公开版/1.25/UOS/shuili-ganzhi_1.25.20260903_loongarch64.deb
正在上传 d:/Users/Claw/APK归档/四端安装包_20260903_v349_pub/uos-perc/shuili-ganzhi_1.25.20260903_loongarch64.deb → 智能app/水利感知项目一张图/公开版/1.25/UOS/shuili-ganzhi_1.25.20260903_loongarch64.deb ...
✓ 上传成功: d:/Users/Claw/APK归档/四端安装包_20260903_v349_pub/uos-perc/shuili-ganzhi_1.25.20260903_loongarch64.deb → 智能app/水利感知项目一张图/公开版/1.25/UOS/shuili-ganzhi_1.25.20260903_loongarch64.deb

  在线查看文件:
    https://pan.baidu.com/disk/main#/index?category=all&path=%2Fapps%2Fbdpan%2F%E6%99%BA%E8%83%BDapp%2F%E6%B0%B4%E5%88%A9%E6%84%9F%E7%9F%A5%E9%A1%B9%E7%9B%AE%E4%B8%80%E5%BC%A0%E5%9B%BE%2F%E5%85%AC%E5%BC%80%E7%89%88%2F1.25%2FUOS

  (复制上方链接到浏览器打开，或使用 'bdpan ls 智能app/水利感知项目一张图/公开版/1.25/UOS/shuili-ganzhi_1.25.20260903_loongarch64.deb' 查看)

📦 发现新版本 v3.8.7（当前: 3.8.6），运行 `bdpan update` 更新
UPLOAD: uos-perc/... -> 智能app/水利感知项目一张图/公开版/1.25/UOS/shuili-ganzhi_1.25.20260903_mips64el.deb
正在上传 d:/Users/Claw/APK归档/四端安装包_20260903_v349_pub/uos-perc/shuili-ganzhi_1.25.20260903_mips64el.deb → 智能app/水利感知项目一张图/公开版/1.25/UOS/shuili-ganzhi_1.25.20260903_mips64el.deb ...
✓ 上传成功: d:/Users/Claw/APK归档/四端安装包_20260903_v349_pub/uos-perc/shuili-ganzhi_1.25.20260903_mips64el.deb → 智能app/水利感知项目一张图/公开版/1.25/UOS/shuili-ganzhi_1.25.20260903_mips64el.deb

  在线查看文件:
    https://pan.baidu.com/disk/main#/index?category=all&path=%2Fapps%2Fbdpan%2F%E6%99%BA%E8%83%BDapp%2F%E6%B0%B4%E5%88%A9%E6%84%9F%E7%9F%A5%E9%A1%B9%E7%9B%AE%E4%B8%80%E5%BC%A0%E5%9B%BE%2F%E5%85%AC%E5%BC%80%E7%89%88%2F1.25%2FUOS

  (复制上方链接到浏览器打开，或使用 'bdpan ls 智能app/水利感知项目一张图/公开版/1.25/UOS/shuili-ganzhi_1.25.20260903_mips64el.deb' 查看)

📦 发现新版本 v3.8.7（当前: 3.8.6），运行 `bdpan update` 更新
UPLOAD: win/... -> 智能app/水利感知项目一张图/公开版/1.25/Windows/水利感知项目一张图_Setup.exe
正在上传 d:/Users/Claw/APK归档/四端安装包_20260903_v349_pub/win/水利感知项目一张图_Setup.exe → 智能app/水利感知项目一张图/公开版/1.25/Windows/水利感知项目一张图_Setup.exe ...
✓ 上传成功: d:/Users/Claw/APK归档/四端安装包_20260903_v349_pub/win/水利感知项目一张图_Setup.exe → 智能app/水利感知项目一张图/公开版/1.25/Windows/水利感知项目一张图_Setup.exe

  在线查看文件:
    https://pan.baidu.com/disk/main#/index?category=all&path=%2Fapps%2Fbdpan%2F%E6%99%BA%E8%83%BDapp%2F%E6%B0%B4%E5%88%A9%E6%84%9F%E7%9F%A5%E9%A1%B9%E7%9B%AE%E4%B8%80%E5%BC%A0%E5%9B%BE%2F%E5%85%AC%E5%BC%80%E7%89%88%2F1.25%2FWindows

  (复制上方链接到浏览器打开，或使用 'bdpan ls 智能app/水利感知项目一张图/公开版/1.25/Windows/水利感知项目一张图_Setup.exe' 查看)

📦 发现新版本 v3.8.7（当前: 3.8.6），运行 `bdpan update` 更新
UPLOAD: win/... -> 智能app/水利感知项目一张图/公开版/1.25/Windows/水利感知项目一张图_Setup.msi
正在上传 d:/Users/Claw/APK归档/四端安装包_20260903_v349_pub/win/水利感知项目一张图_Setup.msi → 智能app/水利感知项目一张图/公开版/1.25/Windows/水利感知项目一张图_Setup.msi ...
✓ 上传成功: d:/Users/Claw/APK归档/四端安装包_20260903_v349_pub/win/水利感知项目一张图_Setup.msi → 智能app/水利感知项目一张图/公开版/1.25/Windows/水利感知项目一张图_Setup.msi

  在线查看文件:
    https://pan.baidu.com/disk/main#/index?category=all&path=%2Fapps%2Fbdpan%2F%E6%99%BA%E8%83%BDapp%2F%E6%B0%B4%E5%88%A9%E6%84%9F%E7%9F%A5%E9%A1%B9%E7%9B%AE%E4%B8%80%E5%BC%A0%E5%9B%BE%2F%E5%85%AC%E5%BC%80%E7%89%88%2F1.25%2FWindows

  (复制上方链接到浏览器打开，或使用 'bdpan ls 智能app/水利感知项目一张图/公开版/1.25/Windows/水利感知项目一张图_Setup.msi' 查看)

📦 发现新版本 v3.8.7（当前: 3.8.6），运行 `bdpan update` 更新
UPLOAD: android/... -> 智能app/水利感知项目一张图/内部版/1.26/Android/水利感知项目一张图V1.26_20260903.apk
正在上传 d:/Users/Claw/APK归档/四端安装包_20260903_v350_int/android/水利感知项目一张图V1.26_20260903.apk → 智能app/水利感知项目一张图/内部版/1.26/Android/水利感知项目一张图V1.26_20260903.apk ...
✓ 上传成功: d:/Users/Claw/APK归档/四端安装包_20260903_v350_int/android/水利感知项目一张图V1.26_20260903.apk → 智能app/水利感知项目一张图/内部版/1.26/Android/水利感知项目一张图V1.26_20260903.apk

  在线查看文件:
    https://pan.baidu.com/disk/main#/index?category=all&path=%2Fapps%2Fbdpan%2F%E6%99%BA%E8%83%BDapp%2F%E6%B0%B4%E5%88%A9%E6%84%9F%E7%9F%A5%E9%A1%B9%E7%9B%AE%E4%B8%80%E5%BC%A0%E5%9B%BE%2F%E5%86%85%E9%83%A8%E7%89%88%2F1.26%2FAndroid

  (复制上方链接到浏览器打开，或使用 'bdpan ls 智能app/水利感知项目一张图/内部版/1.26/Android/水利感知项目一张图V1.26_20260903.apk' 查看)

📦 发现新版本 v3.8.7（当前: 3.8.6），运行 `bdpan update` 更新
UPLOAD: ios/... -> 智能app/水利感知项目一张图/内部版/1.26/iOS/水利感知项目一张图_iOS_1.26_20260903_可托管.zip
正在上传 d:/Users/Claw/APK归档/四端安装包_20260903_v350_int/ios/水利感知项目一张图_iOS_1.26_20260903_可托管.zip → 智能app/水利感知项目一张图/内部版/1.26/iOS/水利感知项目一张图_iOS_1.26_20260903_可托管.zip ...
✓ 上传成功: d:/Users/Claw/APK归档/四端安装包_20260903_v350_int/ios/水利感知项目一张图_iOS_1.26_20260903_可托管.zip → 智能app/水利感知项目一张图/内部版/1.26/iOS/水利感知项目一张图_iOS_1.26_20260903_可托管.zip

  在线查看文件:
    https://pan.baidu.com/disk/main#/index?category=all&path=%2Fapps%2Fbdpan%2F%E6%99%BA%E8%83%BDapp%2F%E6%B0%B4%E5%88%A9%E6%84%9F%E7%9F%A5%E9%A1%B9%E7%9B%AE%E4%B8%80%E5%BC%A0%E5%9B%BE%2F%E5%86%85%E9%83%A8%E7%89%88%2F1.26%2FiOS

  (复制上方链接到浏览器打开，或使用 'bdpan ls 智能app/水利感知项目一张图/内部版/1.26/iOS/水利感知项目一张图_iOS_1.26_20260903_可托管.zip' 查看)

📦 发现新版本 v3.8.7（当前: 3.8.6），运行 `bdpan update` 更新
UPLOAD: uos-perc/... -> 智能app/水利感知项目一张图/内部版/1.26/UOS/shuili-ganzhi_1.26.20260903_amd64.deb
正在上传 d:/Users/Claw/APK归档/四端安装包_20260903_v350_int/uos-perc/shuili-ganzhi_1.26.20260903_amd64.deb → 智能app/水利感知项目一张图/内部版/1.26/UOS/shuili-ganzhi_1.26.20260903_amd64.deb ...
✓ 上传成功: d:/Users/Claw/APK归档/四端安装包_20260903_v350_int/uos-perc/shuili-ganzhi_1.26.20260903_amd64.deb → 智能app/水利感知项目一张图/内部版/1.26/UOS/shuili-ganzhi_1.26.20260903_amd64.deb

  在线查看文件:
    https://pan.baidu.com/disk/main#/index?category=all&path=%2Fapps%2Fbdpan%2F%E6%99%BA%E8%83%BDapp%2F%E6%B0%B4%E5%88%A9%E6%84%9F%E7%9F%A5%E9%A1%B9%E7%9B%AE%E4%B8%80%E5%BC%A0%E5%9B%BE%2F%E5%86%85%E9%83%A8%E7%89%88%2F1.26%2FUOS

  (复制上方链接到浏览器打开，或使用 'bdpan ls 智能app/水利感知项目一张图/内部版/1.26/UOS/shuili-ganzhi_1.26.20260903_amd64.deb' 查看)

📦 发现新版本 v3.8.7（当前: 3.8.6），运行 `bdpan update` 更新
UPLOAD: uos-perc/... -> 智能app/水利感知项目一张图/内部版/1.26/UOS/shuili-ganzhi_1.26.20260903_arm64.deb
正在上传 d:/Users/Claw/APK归档/四端安装包_20260903_v350_int/uos-perc/shuili-ganzhi_1.26.20260903_arm64.deb → 智能app/水利感知项目一张图/内部版/1.26/UOS/shuili-ganzhi_1.26.20260903_arm64.deb ...
✓ 上传成功: d:/Users/Claw/APK归档/四端安装包_20260903_v350_int/uos-perc/shuili-ganzhi_1.26.20260903_arm64.deb → 智能app/水利感知项目一张图/内部版/1.26/UOS/shuili-ganzhi_1.26.20260903_arm64.deb

  在线查看文件:
    https://pan.baidu.com/disk/main#/index?category=all&path=%2Fapps%2Fbdpan%2F%E6%99%BA%E8%83%BDapp%2F%E6%B0%B4%E5%88%A9%E6%84%9F%E7%9F%A5%E9%A1%B9%E7%9B%AE%E4%B8%80%E5%BC%A0%E5%9B%BE%2F%E5%86%85%E9%83%A8%E7%89%88%2F1.26%2FUOS

  (复制上方链接到浏览器打开，或使用 'bdpan ls 智能app/水利感知项目一张图/内部版/1.26/UOS/shuili-ganzhi_1.26.20260903_arm64.deb' 查看)

📦 发现新版本 v3.8.7（当前: 3.8.6），运行 `bdpan update` 更新
UPLOAD: uos-perc/... -> 智能app/水利感知项目一张图/内部版/1.26/UOS/shuili-ganzhi_1.26.20260903_loongarch64.deb
正在上传 d:/Users/Claw/APK归档/四端安装包_20260903_v350_int/uos-perc/shuili-ganzhi_1.26.20260903_loongarch64.deb → 智能app/水利感知项目一张图/内部版/1.26/UOS/shuili-ganzhi_1.26.20260903_loongarch64.deb ...
✓ 上传成功: d:/Users/Claw/APK归档/四端安装包_20260903_v350_int/uos-perc/shuili-ganzhi_1.26.20260903_loongarch64.deb → 智能app/水利感知项目一张图/内部版/1.26/UOS/shuili-ganzhi_1.26.20260903_loongarch64.deb

  在线查看文件:
    https://pan.baidu.com/disk/main#/index?category=all&path=%2Fapps%2Fbdpan%2F%E6%99%BA%E8%83%BDapp%2F%E6%B0%B4%E5%88%A9%E6%84%9F%E7%9F%A5%E9%A1%B9%E7%9B%AE%E4%B8%80%E5%BC%A0%E5%9B%BE%2F%E5%86%85%E9%83%A8%E7%89%88%2F1.26%2FUOS

  (复制上方链接到浏览器打开，或使用 'bdpan ls 智能app/水利感知项目一张图/内部版/1.26/UOS/shuili-ganzhi_1.26.20260903_loongarch64.deb' 查看)

📦 发现新版本 v3.8.7（当前: 3.8.6），运行 `bdpan update` 更新
UPLOAD: uos-perc/... -> 智能app/水利感知项目一张图/内部版/1.26/UOS/shuili-ganzhi_1.26.20260903_mips64el.deb
正在上传 d:/Users/Claw/APK归档/四端安装包_20260903_v350_int/uos-perc/shuili-ganzhi_1.26.20260903_mips64el.deb → 智能app/水利感知项目一张图/内部版/1.26/UOS/shuili-ganzhi_1.26.20260903_mips64el.deb ...
✓ 上传成功: d:/Users/Claw/APK归档/四端安装包_20260903_v350_int/uos-perc/shuili-ganzhi_1.26.20260903_mips64el.deb → 智能app/水利感知项目一张图/内部版/1.26/UOS/shuili-ganzhi_1.26.20260903_mips64el.deb

  在线查看文件:
    https://pan.baidu.com/disk/main#/index?category=all&path=%2Fapps%2Fbdpan%2F%E6%99%BA%E8%83%BDapp%2F%E6%B0%B4%E5%88%A9%E6%84%9F%E7%9F%A5%E9%A1%B9%E7%9B%AE%E4%B8%80%E5%BC%A0%E5%9B%BE%2F%E5%86%85%E9%83%A8%E7%89%88%2F1.26%2FUOS

  (复制上方链接到浏览器打开，或使用 'bdpan ls 智能app/水利感知项目一张图/内部版/1.26/UOS/shuili-ganzhi_1.26.20260903_mips64el.deb' 查看)

📦 发现新版本 v3.8.7（当前: 3.8.6），运行 `bdpan update` 更新
UPLOAD: win/... -> 智能app/水利感知项目一张图/内部版/1.26/Windows/水利感知项目一张图_Setup.exe
正在上传 d:/Users/Claw/APK归档/四端安装包_20260903_v350_int/win/水利感知项目一张图_Setup.exe → 智能app/水利感知项目一张图/内部版/1.26/Windows/水利感知项目一张图_Setup.exe ...
✓ 上传成功: d:/Users/Claw/APK归档/四端安装包_20260903_v350_int/win/水利感知项目一张图_Setup.exe → 智能app/水利感知项目一张图/内部版/1.26/Windows/水利感知项目一张图_Setup.exe

  在线查看文件:
    https://pan.baidu.com/disk/main#/index?category=all&path=%2Fapps%2Fbdpan%2F%E6%99%BA%E8%83%BDapp%2F%E6%B0%B4%E5%88%A9%E6%84%9F%E7%9F%A5%E9%A1%B9%E7%9B%AE%E4%B8%80%E5%BC%A0%E5%9B%BE%2F%E5%86%85%E9%83%A8%E7%89%88%2F1.26%2FWindows

  (复制上方链接到浏览器打开，或使用 'bdpan ls 智能app/水利感知项目一张图/内部版/1.26/Windows/水利感知项目一张图_Setup.exe' 查看)

📦 发现新版本 v3.8.7（当前: 3.8.6），运行 `bdpan update` 更新
UPLOAD: win/... -> 智能app/水利感知项目一张图/内部版/1.26/Windows/水利感知项目一张图_Setup.msi
正在上传 d:/Users/Claw/APK归档/四端安装包_20260903_v350_int/win/水利感知项目一张图_Setup.msi → 智能app/水利感知项目一张图/内部版/1.26/Windows/水利感知项目一张图_Setup.msi ...
✓ 上传成功: d:/Users/Claw/APK归档/四端安装包_20260903_v350_int/win/水利感知项目一张图_Setup.msi → 智能app/水利感知项目一张图/内部版/1.26/Windows/水利感知项目一张图_Setup.msi

  在线查看文件:
    https://pan.baidu.com/disk/main#/index?category=all&path=%2Fapps%2Fbdpan%2F%E6%99%BA%E8%83%BDapp%2F%E6%B0%B4%E5%88%A9%E6%84%9F%E7%9F%A5%E9%A1%B9%E7%9B%AE%E4%B8%80%E5%BC%A0%E5%9B%BE%2F%E5%86%85%E9%83%A8%E7%89%88%2F1.26%2FWindows

  (复制上方链接到浏览器打开，或使用 'bdpan ls 智能app/水利感知项目一张图/内部版/1.26/Windows/水利感知项目一张图_Setup.msi' 查看)

📦 发现新版本 v3.8.7（当前: 3.8.6），运行 `bdpan update` 更新
SKIP(本地缺失): d:/Users/Claw/APK归档/四端安装包_20260901_v348/android/水利感知项目一张图V1.24_20260901_5090.apk
UPLOAD: ios/... -> 智能app/水利感知项目一张图/内部版/1.24/iOS/水利感知项目一张图_iOS_1.24_20260901_可托管.zip
正在上传 d:/Users/Claw/APK归档/四端安装包_20260901_v348/ios/水利感知项目一张图_iOS_1.24_20260901_可托管.zip → 智能app/水利感知项目一张图/内部版/1.24/iOS/水利感知项目一张图_iOS_1.24_20260901_可托管.zip ...
✓ 上传成功: d:/Users/Claw/APK归档/四端安装包_20260901_v348/ios/水利感知项目一张图_iOS_1.24_20260901_可托管.zip → 智能app/水利感知项目一张图/内部版/1.24/iOS/水利感知项目一张图_iOS_1.24_20260901_可托管.zip

  在线查看文件:
    https://pan.baidu.com/disk/main#/index?category=all&path=%2Fapps%2Fbdpan%2F%E6%99%BA%E8%83%BDapp%2F%E6%B0%B4%E5%88%A9%E6%84%9F%E7%9F%A5%E9%A1%B9%E7%9B%AE%E4%B8%80%E5%BC%A0%E5%9B%BE%2F%E5%86%85%E9%83%A8%E7%89%88%2F1.24%2FiOS

  (复制上方链接到浏览器打开，或使用 'bdpan ls 智能app/水利感知项目一张图/内部版/1.24/iOS/水利感知项目一张图_iOS_1.24_20260901_可托管.zip' 查看)

📦 发现新版本 v3.8.7（当前: 3.8.6），运行 `bdpan update` 更新
UPLOAD: uos-perc/... -> 智能app/水利感知项目一张图/内部版/1.24/UOS/shuili-ganzhi_1.24.20260901_amd64.deb
正在上传 d:/Users/Claw/APK归档/四端安装包_20260901_v348/uos-perc/shuili-ganzhi_1.24.20260901_amd64.deb → 智能app/水利感知项目一张图/内部版/1.24/UOS/shuili-ganzhi_1.24.20260901_amd64.deb ...
✓ 上传成功: d:/Users/Claw/APK归档/四端安装包_20260901_v348/uos-perc/shuili-ganzhi_1.24.20260901_amd64.deb → 智能app/水利感知项目一张图/内部版/1.24/UOS/shuili-ganzhi_1.24.20260901_amd64.deb

  在线查看文件:
    https://pan.baidu.com/disk/main#/index?category=all&path=%2Fapps%2Fbdpan%2F%E6%99%BA%E8%83%BDapp%2F%E6%B0%B4%E5%88%A9%E6%84%9F%E7%9F%A5%E9%A1%B9%E7%9B%AE%E4%B8%80%E5%BC%A0%E5%9B%BE%2F%E5%86%85%E9%83%A8%E7%89%88%2F1.24%2FUOS

  (复制上方链接到浏览器打开，或使用 'bdpan ls 智能app/水利感知项目一张图/内部版/1.24/UOS/shuili-ganzhi_1.24.20260901_amd64.deb' 查看)

📦 发现新版本 v3.8.7（当前: 3.8.6），运行 `bdpan update` 更新
UPLOAD: uos-perc/... -> 智能app/水利感知项目一张图/内部版/1.24/UOS/shuili-ganzhi_1.24.20260901_arm64.deb
正在上传 d:/Users/Claw/APK归档/四端安装包_20260901_v348/uos-perc/shuili-ganzhi_1.24.20260901_arm64.deb → 智能app/水利感知项目一张图/内部版/1.24/UOS/shuili-ganzhi_1.24.20260901_arm64.deb ...
✓ 上传成功: d:/Users/Claw/APK归档/四端安装包_20260901_v348/uos-perc/shuili-ganzhi_1.24.20260901_arm64.deb → 智能app/水利感知项目一张图/内部版/1.24/UOS/shuili-ganzhi_1.24.20260901_arm64.deb

  在线查看文件:
    https://pan.baidu.com/disk/main#/index?category=all&path=%2Fapps%2Fbdpan%2F%E6%99%BA%E8%83%BDapp%2F%E6%B0%B4%E5%88%A9%E6%84%9F%E7%9F%A5%E9%A1%B9%E7%9B%AE%E4%B8%80%E5%BC%A0%E5%9B%BE%2F%E5%86%85%E9%83%A8%E7%89%88%2F1.24%2FUOS

  (复制上方链接到浏览器打开，或使用 'bdpan ls 智能app/水利感知项目一张图/内部版/1.24/UOS/shuili-ganzhi_1.24.20260901_arm64.deb' 查看)

📦 发现新版本 v3.8.7（当前: 3.8.6），运行 `bdpan update` 更新
UPLOAD: uos-perc/... -> 智能app/水利感知项目一张图/内部版/1.24/UOS/shuili-ganzhi_1.24.20260901_loongarch64.deb
正在上传 d:/Users/Claw/APK归档/四端安装包_20260901_v348/uos-perc/shuili-ganzhi_1.24.20260901_loongarch64.deb → 智能app/水利感知项目一张图/内部版/1.24/UOS/shuili-ganzhi_1.24.20260901_loongarch64.deb ...
✓ 上传成功: d:/Users/Claw/APK归档/四端安装包_20260901_v348/uos-perc/shuili-ganzhi_1.24.20260901_loongarch64.deb → 智能app/水利感知项目一张图/内部版/1.24/UOS/shuili-ganzhi_1.24.20260901_loongarch64.deb

  在线查看文件:
    https://pan.baidu.com/disk/main#/index?category=all&path=%2Fapps%2Fbdpan%2F%E6%99%BA%E8%83%BDapp%2F%E6%B0%B4%E5%88%A9%E6%84%9F%E7%9F%A5%E9%A1%B9%E7%9B%AE%E4%B8%80%E5%BC%A0%E5%9B%BE%2F%E5%86%85%E9%83%A8%E7%89%88%2F1.24%2FUOS

  (复制上方链接到浏览器打开，或使用 'bdpan ls 智能app/水利感知项目一张图/内部版/1.24/UOS/shuili-ganzhi_1.24.20260901_loongarch64.deb' 查看)

📦 发现新版本 v3.8.7（当前: 3.8.6），运行 `bdpan update` 更新
UPLOAD: uos-perc/... -> 智能app/水利感知项目一张图/内部版/1.24/UOS/shuili-ganzhi_1.24.20260901_mips64el.deb
正在上传 d:/Users/Claw/APK归档/四端安装包_20260901_v348/uos-perc/shuili-ganzhi_1.24.20260901_mips64el.deb → 智能app/水利感知项目一张图/内部版/1.24/UOS/shuili-ganzhi_1.24.20260901_mips64el.deb ...
✓ 上传成功: d:/Users/Claw/APK归档/四端安装包_20260901_v348/uos-perc/shuili-ganzhi_1.24.20260901_mips64el.deb → 智能app/水利感知项目一张图/内部版/1.24/UOS/shuili-ganzhi_1.24.20260901_mips64el.deb

  在线查看文件:
    https://pan.baidu.com/disk/main#/index?category=all&path=%2Fapps%2Fbdpan%2F%E6%99%BA%E8%83%BDapp%2F%E6%B0%B4%E5%88%A9%E6%84%9F%E7%9F%A5%E9%A1%B9%E7%9B%AE%E4%B8%80%E5%BC%A0%E5%9B%BE%2F%E5%86%85%E9%83%A8%E7%89%88%2F1.24%2FUOS

  (复制上方链接到浏览器打开，或使用 'bdpan ls 智能app/水利感知项目一张图/内部版/1.24/UOS/shuili-ganzhi_1.24.20260901_mips64el.deb' 查看)

📦 发现新版本 v3.8.7（当前: 3.8.6），运行 `bdpan update` 更新
UPLOAD: win/... -> 智能app/水利感知项目一张图/内部版/1.24/Windows/水利感知项目一张图_Setup.exe
正在上传 d:/Users/Claw/APK归档/四端安装包_20260901_v348/win/水利感知项目一张图_Setup.exe → 智能app/水利感知项目一张图/内部版/1.24/Windows/水利感知项目一张图_Setup.exe ...
✓ 上传成功: d:/Users/Claw/APK归档/四端安装包_20260901_v348/win/水利感知项目一张图_Setup.exe → 智能app/水利感知项目一张图/内部版/1.24/Windows/水利感知项目一张图_Setup.exe

  在线查看文件:
    https://pan.baidu.com/disk/main#/index?category=all&path=%2Fapps%2Fbdpan%2F%E6%99%BA%E8%83%BDapp%2F%E6%B0%B4%E5%88%A9%E6%84%9F%E7%9F%A5%E9%A1%B9%E7%9B%AE%E4%B8%80%E5%BC%A0%E5%9B%BE%2F%E5%86%85%E9%83%A8%E7%89%88%2F1.24%2FWindows

  (复制上方链接到浏览器打开，或使用 'bdpan ls 智能app/水利感知项目一张图/内部版/1.24/Windows/水利感知项目一张图_Setup.exe' 查看)

📦 发现新版本 v3.8.7（当前: 3.8.6），运行 `bdpan update` 更新
UPLOAD: win/... -> 智能app/水利感知项目一张图/内部版/1.24/Windows/水利感知项目一张图_Setup.msi
正在上传 d:/Users/Claw/APK归档/四端安装包_20260901_v348/win/水利感知项目一张图_Setup.msi → 智能app/水利感知项目一张图/内部版/1.24/Windows/水利感知项目一张图_Setup.msi ...
✓ 上传成功: d:/Users/Claw/APK归档/四端安装包_20260901_v348/win/水利感知项目一张图_Setup.msi → 智能app/水利感知项目一张图/内部版/1.24/Windows/水利感知项目一张图_Setup.msi

  在线查看文件:
    https://pan.baidu.com/disk/main#/index?category=all&path=%2Fapps%2Fbdpan%2F%E6%99%BA%E8%83%BDapp%2F%E6%B0%B4%E5%88%A9%E6%84%9F%E7%9F%A5%E9%A1%B9%E7%9B%AE%E4%B8%80%E5%BC%A0%E5%9B%BE%2F%E5%86%85%E9%83%A8%E7%89%88%2F1.24%2FWindows

  (复制上方链接到浏览器打开，或使用 'bdpan ls 智能app/水利感知项目一张图/内部版/1.24/Windows/水利感知项目一张图_Setup.msi' 查看)

📦 发现新版本 v3.8.7（当前: 3.8.6），运行 `bdpan update` 更新
UPLOAD: 版本说明文档/... -> 智能app/版本说明文档/版本说明文档.md
正在上传 d:/Users/Claw/智能app_网盘/版本说明文档/版本说明文档.md → 智能app/版本说明文档/版本说明文档.md ...
✓ 上传成功: d:/Users/Claw/智能app_网盘/版本说明文档/版本说明文档.md → 智能app/版本说明文档/版本说明文档.md

  在线查看文件:
    https://pan.baidu.com/disk/main#/index?category=all&path=%2Fapps%2Fbdpan%2F%E6%99%BA%E8%83%BDapp%2F%E7%89%88%E6%9C%AC%E8%AF%B4%E6%98%8E%E6%96%87%E6%A1%A3

  (复制上方链接到浏览器打开，或使用 'bdpan ls 智能app/版本说明文档/版本说明文档.md' 查看)

📦 发现新版本 v3.8.7（当前: 3.8.6），运行 `bdpan update` 更新
UPLOAD: 网盘同步规则/... -> 智能app/网盘同步规则/网盘同步规则.md
正在上传 d:/Users/Claw/智能app_网盘/网盘同步规则/网盘同步规则.md → 智能app/网盘同步规则/网盘同步规则.md ...
✓ 上传成功: d:/Users/Claw/智能app_网盘/网盘同步规则/网盘同步规则.md → 智能app/网盘同步规则/网盘同步规则.md

  在线查看文件:
    https://pan.baidu.com/disk/main#/index?category=all&path=%2Fapps%2Fbdpan%2F%E6%99%BA%E8%83%BDapp%2F%E7%BD%91%E7%9B%98%E5%90%8C%E6%AD%A5%E8%A7%84%E5%88%99

  (复制上方链接到浏览器打开，或使用 'bdpan ls 智能app/网盘同步规则/网盘同步规则.md' 查看)

📦 发现新版本 v3.8.7（当前: 3.8.6），运行 `bdpan update` 更新
UPLOAD: 智能app_网盘/... -> 智能app/网盘文件落点清单.md
正在上传 d:/Users/Claw/智能app_网盘/网盘文件落点清单.md → 智能app/网盘文件落点清单.md ...
✓ 上传成功: d:/Users/Claw/智能app_网盘/网盘文件落点清单.md → 智能app/网盘文件落点清单.md

  在线查看文件:
    https://pan.baidu.com/disk/main#/index?category=all&path=%2Fapps%2Fbdpan%2F%E6%99%BA%E8%83%BDapp

  (复制上方链接到浏览器打开，或使用 'bdpan ls 智能app/网盘文件落点清单.md' 查看)

📦 发现新版本 v3.8.7（当前: 3.8.6），运行 `bdpan update` 更新
===== 分发完成（内部版仅存储、不分享）=====
[提示] 公开版分享链接未生成。确认上传无误后执行：bash d:/Users/Claw/智能app_网盘/upload_to_bdpan.sh share
=== UPLOAD_DONE exit=0 ===
